z = (0)*x0 + (-3)*x1 + (0.5)*x2
(-10.1)*x0 + (20.2)*x1 + (-30.3)*x2 <= 40.4
(10)*x0 + (20)*x1 + (30)*x2 <= 40
