z = 4 + (0)*x0 + (0)*x1 + (3)*x2 + (-1)*x3 + (0)*x4 + (0)*x5
x0 = 2 + (0)*x0 + (-1.5)*x1 + (-0.5)*x2 + (-0.5)*x3 + (0)*x4 + (0)*x5
x4 = -5 + (0)*x0 + (4)*x1 + (2)*x2 + (2)*x3 + (0)*x4 + (0)*x5
x5 = -1 + (0)*x0 + (3.5)*x1 + (-0.5)*x2 + (1.5)*x3 + (0)*x4 + (0)*x5
