z = 0 + (1)*x0 + (1)*x1 + (0)*x2
x2 = 0 + (-1)*x0 + (1)*x1 + (0)*x2
